
> off-route-adventure@0.1.0 build
> next build

Γû▓ Next.js 16.1.1 (Turbopack)
- Environments: .env.local

  Creating an optimized production build ...
Γ£ô Compiled successfully in 15.3s
  Running TypeScript ...
npm : Failed to compile.
At line:1 char:1
+ npm run build > build_output.log 2>&1
+ ~~~~~~~~~~~~~~~~~~~~~~~~~~~~~~~~~~~~~
    + CategoryInfo          : NotSpecified: (F 
   ailed to compile.:String) [], RemoteExcept  
  ion
    + FullyQualifiedErrorId : NativeCommandErr 
   or
 

./src/app/treks/[id]/page.tsx:225:38
Type error: 'trek.whatToPack' is possibly 
'undefined'.

[0m [90m 223 |[39m                          
       [33m<[39m[33mh2[39m 
className[33m=[39m[32m"text-2xl font-bold 
text-gray-900 
mb-6"[39m[33m>[39m[33mWhat[39m to [33mPac
k[39m[33m<[39m[33m/[39m[33mh2[39m[33m>
[39m
 [90m 224 |[39m                              
   [33m<[39m[33mdiv[39m 
className[33m=[39m[32m"grid grid-cols-1 
sm:grid-cols-2 gap-3"[39m[33m>[39m
[31m[1m>[22m[39m[90m 225 |[39m           
                          {trek[33m.[39mwhatT
oPack[33m.[39mmap((item[33m,[39m idx) 
[33m=>[39m (
 [90m     |[39m                              
        [31m[1m^[22m[39m
 [90m 226 |[39m                              
           [33m<[39m[33mdiv[39m 
key[33m=[39m{idx} 
className[33m=[39m[32m"flex items-center 
gap-3 p-3 rounded-xl 
bg-gray-50"[39m[33m>[39m
 [90m 227 |[39m                              
               
[33m<[39m[33mCheckCircle[39m 
className[33m=[39m[32m"h-5 w-5 
text-green-600 flex-shrink-0"[39m 
[33m/[39m[33m>[39m
 [90m 228 |[39m                              
               [33m<[39m[33mspan[39m classN
ame[33m=[39m[32m"text-gray-700"[39m[33m>[
39m{item}[33m<[39m[33m/[39m[33mspan[39m[
33m>[39m[0m
Next.js build worker exited with code: 1 and 
signal: null
